CREATE INDEX IF NOT EXISTS idx1 ON table1(a, GEO_LAT_LON(c1, c2))