CREATE INDEX IF NOT EXISTS idx1 ON table1(GEO_LAT_LON(c1, c2), b, c)