CREATE INDEX IF NOT EXISTS idx1 ON table1(FUNK_SHUN(c1, c2))